2026-10-02 17:48:18 | INFO    | Watchdog real-time file-system analysis routing started on target path: ./rdrs/data/sandbox
2026-10-02 17:48:18 | INFO    | Initializing active protection layers over operational API engine frames...
2026-10-02 17:50:22 | INFO    | Stopping real-time context collection daemon background workers...
2026-10-02 18:18:52 | INFO    | Watchdog real-time file-system analysis routing started on target path: ./rdrs/data/sandbox
2026-10-02 18:18:52 | INFO    | Initializing active protection layers over operational API engine frames...
2026-10-02 18:24:04 | INFO    | Stopping real-time context collection daemon background workers...
2026-10-02 18:24:08 | INFO    | Watchdog real-time file-system analysis routing started on target path: ./rdrs/data/sandbox
2026-10-02 18:24:08 | INFO    | Initializing active protection layers over operational API engine frames...
2026-10-02 18:27:37 | INFO    | Stopping real-time context collection daemon background workers...
2026-10-02 18:27:40 | INFO    | Watchdog real-time file-system analysis routing started on target path: ./rdrs/data/sandbox
2026-10-02 18:27:40 | INFO    | Initializing active protection layers over operational API engine frames...
2026-10-02 18:28:59 | INFO    | Stopping real-time context collection daemon background workers...
2026-10-02 18:29:04 | INFO    | Watchdog real-time file-system analysis routing started on target path: ./rdrs/data/sandbox
2026-10-02 18:29:04 | INFO    | Initializing active protection layers over operational API engine frames...
2026-10-02 18:31:21 | INFO    | Stopping real-time context collection daemon background workers...
2026-10-02 18:31:25 | INFO    | Watchdog real-time file-system analysis routing started on target path: ./rdrs/data/sandbox
2026-10-02 18:31:25 | INFO    | Initializing active protection layers over operational API engine frames...
2026-10-06 20:11:06 | INFO    | Watchdog real-time file-system analysis routing started on target path: ./rdrs/data/sandbox
2026-10-06 20:11:06 | INFO    | Initializing active protection layers over operational API engine frames...
2026-10-07 16:20:03 | INFO    | Watchdog real-time file-system analysis routing started on target path: ./rdrs/data/sandbox
2026-10-07 16:20:03 | INFO    | Initializing active protection layers over operational API engine frames...
2026-10-07 16:26:49 | WARNING | [ALERT] Score: 60 | Ransomware behavioral threshold crossed. Activity footprint: {'create': 2, 'modify': 2, 'delete': 0, 'rename': 0}, High Entropy items: 1 | Target PID: 3644
2026-10-07 16:26:49 | INFO    | [QUARANTINE-SIM] Target evidence saved securely to: ./rdrs/data/quarantine\1791350809_malicious_payload.locked
2026-10-07 16:29:54 | WARNING | [ALERT] Score: 50 | Ransomware behavioral threshold crossed. Activity footprint: {'create': 4, 'modify': 3, 'delete': 0, 'rename': 0}, High Entropy items: 0 | Target PID: 3644
2026-10-07 16:29:54 | INFO    | [QUARANTINE-SIM] Target evidence saved securely to: ./rdrs/data/quarantine\1791350994_financial_document_003.docx
2026-10-07 16:29:54 | WARNING | [ALERT] Score: 60 | Ransomware behavioral threshold crossed. Activity footprint: {'create': 4, 'modify': 4, 'delete': 0, 'rename': 0}, High Entropy items: 0 | Target PID: 3644
2026-10-07 16:29:54 | INFO    | [QUARANTINE-SIM] Target evidence saved securely to: ./rdrs/data/quarantine\1791350994_financial_document_003.docx
2026-10-07 16:29:54 | WARNING | [ALERT] Score: 65 | Ransomware behavioral threshold crossed. Activity footprint: {'create': 5, 'modify': 4, 'delete': 0, 'rename': 0}, High Entropy items: 0 | Target PID: 3644
2026-10-07 16:29:54 | INFO    | [QUARANTINE-SIM] Target evidence saved securely to: ./rdrs/data/quarantine\1791350994_financial_document_004.docx
2026-10-07 16:29:55 | WARNING | [ALERT] Score: 75 | Ransomware behavioral threshold crossed. Activity footprint: {'create': 5, 'modify': 5, 'delete': 0, 'rename': 0}, High Entropy items: 0 | Target PID: 3644
2026-10-07 16:29:55 | INFO    | [QUARANTINE-SIM] Target evidence saved securely to: ./rdrs/data/quarantine\1791350995_financial_document_004.docx
2026-10-07 16:29:55 | WARNING | [ALERT] Score: 85 | Ransomware behavioral threshold crossed. Activity footprint: {'create': 5, 'modify': 6, 'delete': 0, 'rename': 0}, High Entropy items: 0 | Target PID: 3644
2026-10-07 16:29:55 | WARNING | [ALERT] Score: 100 | Ransomware behavioral threshold crossed. Activity footprint: {'create': 5, 'modify': 6, 'delete': 0, 'rename': 1}, High Entropy items: 1 | Target PID: 3644
2026-10-07 16:29:56 | WARNING | [ALERT] Score: 100 | Ransomware behavioral threshold crossed. Activity footprint: {'create': 5, 'modify': 7, 'delete': 0, 'rename': 1}, High Entropy items: 1 | Target PID: 3644
2026-10-07 16:29:56 | WARNING | [ALERT] Score: 100 | Ransomware behavioral threshold crossed. Activity footprint: {'create': 5, 'modify': 7, 'delete': 0, 'rename': 2}, High Entropy items: 2 | Target PID: 3644
2026-10-07 16:29:57 | WARNING | [ALERT] Score: 100 | Ransomware behavioral threshold crossed. Activity footprint: {'create': 5, 'modify': 8, 'delete': 0, 'rename': 2}, High Entropy items: 2 | Target PID: 3644
2026-10-07 16:29:58 | WARNING | [ALERT] Score: 100 | Ransomware behavioral threshold crossed. Activity footprint: {'create': 5, 'modify': 8, 'delete': 0, 'rename': 3}, High Entropy items: 3 | Target PID: 3644
2026-10-07 16:29:58 | WARNING | [ALERT] Score: 100 | Ransomware behavioral threshold crossed. Activity footprint: {'create': 5, 'modify': 9, 'delete': 0, 'rename': 3}, High Entropy items: 3 | Target PID: 3644
2026-10-07 16:29:59 | WARNING | [ALERT] Score: 100 | Ransomware behavioral threshold crossed. Activity footprint: {'create': 5, 'modify': 9, 'delete': 0, 'rename': 4}, High Entropy items: 4 | Target PID: 3644
2026-10-07 16:29:59 | WARNING | [ALERT] Score: 100 | Ransomware behavioral threshold crossed. Activity footprint: {'create': 5, 'modify': 10, 'delete': 0, 'rename': 4}, High Entropy items: 4 | Target PID: 3644
2026-10-07 16:30:00 | WARNING | [ALERT] Score: 100 | Ransomware behavioral threshold crossed. Activity footprint: {'create': 5, 'modify': 10, 'delete': 0, 'rename': 5}, High Entropy items: 5 | Target PID: 3644
2026-10-07 16:33:34 | INFO    | Stopping real-time context collection daemon background workers...
